# Rewrite with: make go-test-integration UPDATE=1 RUN=TestSnapshot_
swarm_cluster_nodes_by_state{availability="active",role="manager",status="ready"} 1
swarm_cluster_nodes_by_state{availability="active",role="worker",status="ready"} 2
swarm_service_at_desired{display_name="it-snapshot agent",service="agent",service_mode="global",stack="it-snapshot",team=""} 1
swarm_service_at_desired{display_name="it-snapshot custom",service="custom",service_mode="replicated",stack="it-snapshot",team="platform"} 1
swarm_service_at_desired{display_name="it-snapshot idle",service="idle",service_mode="replicated",stack="it-snapshot",team=""} 1
swarm_service_at_desired{display_name="it-snapshot nowhere",service="nowhere",service_mode="global",stack="it-snapshot",team=""} 1
swarm_service_at_desired{display_name="it-snapshot oneshot",service="oneshot",service_mode="replicated",stack="it-snapshot",team=""} 0
swarm_service_at_desired{display_name="it-snapshot web",service="web",service_mode="replicated",stack="it-snapshot",team=""} 1
swarm_service_desired_replicas{display_name="it-snapshot agent",service="agent",service_mode="global",stack="it-snapshot",team=""} 3
swarm_service_desired_replicas{display_name="it-snapshot custom",service="custom",service_mode="replicated",stack="it-snapshot",team="platform"} 1
swarm_service_desired_replicas{display_name="it-snapshot idle",service="idle",service_mode="replicated",stack="it-snapshot",team=""} 0
swarm_service_desired_replicas{display_name="it-snapshot nowhere",service="nowhere",service_mode="global",stack="it-snapshot",team=""} 0
swarm_service_desired_replicas{display_name="it-snapshot oneshot",service="oneshot",service_mode="replicated",stack="it-snapshot",team=""} 1
swarm_service_desired_replicas{display_name="it-snapshot web",service="web",service_mode="replicated",stack="it-snapshot",team=""} 2
swarm_service_running_replicas{display_name="it-snapshot agent",service="agent",service_mode="global",stack="it-snapshot",team=""} 3
swarm_service_running_replicas{display_name="it-snapshot custom",service="custom",service_mode="replicated",stack="it-snapshot",team="platform"} 1
swarm_service_running_replicas{display_name="it-snapshot idle",service="idle",service_mode="replicated",stack="it-snapshot",team=""} 0
swarm_service_running_replicas{display_name="it-snapshot nowhere",service="nowhere",service_mode="global",stack="it-snapshot",team=""} 0
swarm_service_running_replicas{display_name="it-snapshot oneshot",service="oneshot",service_mode="replicated",stack="it-snapshot",team=""} 0
swarm_service_running_replicas{display_name="it-snapshot web",service="web",service_mode="replicated",stack="it-snapshot",team=""} 2
swarm_service_schedulable_replicas{display_name="it-snapshot agent",service="agent",service_mode="global",stack="it-snapshot",team=""} 3
swarm_service_schedulable_replicas{display_name="it-snapshot custom",service="custom",service_mode="replicated",stack="it-snapshot",team="platform"} 1
swarm_service_schedulable_replicas{display_name="it-snapshot idle",service="idle",service_mode="replicated",stack="it-snapshot",team=""} 0
swarm_service_schedulable_replicas{display_name="it-snapshot nowhere",service="nowhere",service_mode="global",stack="it-snapshot",team=""} 0
swarm_service_schedulable_replicas{display_name="it-snapshot oneshot",service="oneshot",service_mode="replicated",stack="it-snapshot",team=""} 0
swarm_service_schedulable_replicas{display_name="it-snapshot web",service="web",service_mode="replicated",stack="it-snapshot",team=""} 2
swarm_service_update_completed_timestamp_seconds{display_name="it-snapshot agent",service="agent",service_mode="global",stack="it-snapshot",team=""} 0
swarm_service_update_completed_timestamp_seconds{display_name="it-snapshot custom",service="custom",service_mode="replicated",stack="it-snapshot",team="platform"} 0
swarm_service_update_completed_timestamp_seconds{display_name="it-snapshot idle",service="idle",service_mode="replicated",stack="it-snapshot",team=""} 0
swarm_service_update_completed_timestamp_seconds{display_name="it-snapshot nowhere",service="nowhere",service_mode="global",stack="it-snapshot",team=""} 0
swarm_service_update_completed_timestamp_seconds{display_name="it-snapshot oneshot",service="oneshot",service_mode="replicated",stack="it-snapshot",team=""} 0
swarm_service_update_completed_timestamp_seconds{display_name="it-snapshot web",service="web",service_mode="replicated",stack="it-snapshot",team=""} 0
swarm_service_update_started_timestamp_seconds{display_name="it-snapshot agent",service="agent",service_mode="global",stack="it-snapshot",team=""} 0
swarm_service_update_started_timestamp_seconds{display_name="it-snapshot custom",service="custom",service_mode="replicated",stack="it-snapshot",team="platform"} 0
swarm_service_update_started_timestamp_seconds{display_name="it-snapshot idle",service="idle",service_mode="replicated",stack="it-snapshot",team=""} 0
swarm_service_update_started_timestamp_seconds{display_name="it-snapshot nowhere",service="nowhere",service_mode="global",stack="it-snapshot",team=""} 0
swarm_service_update_started_timestamp_seconds{display_name="it-snapshot oneshot",service="oneshot",service_mode="replicated",stack="it-snapshot",team=""} 0
swarm_service_update_started_timestamp_seconds{display_name="it-snapshot web",service="web",service_mode="replicated",stack="it-snapshot",team=""} 0
swarm_service_update_state_info{display_name="it-snapshot agent",service="agent",service_mode="global",stack="it-snapshot",state="completed",team=""} 1
swarm_service_update_state_info{display_name="it-snapshot agent",service="agent",service_mode="global",stack="it-snapshot",state="paused",team=""} 0
swarm_service_update_state_info{display_name="it-snapshot agent",service="agent",service_mode="global",stack="it-snapshot",state="rollback_completed",team=""} 0
swarm_service_update_state_info{display_name="it-snapshot agent",service="agent",service_mode="global",stack="it-snapshot",state="rollback_started",team=""} 0
swarm_service_update_state_info{display_name="it-snapshot agent",service="agent",service_mode="global",stack="it-snapshot",state="updating",team=""} 0
swarm_service_update_state_info{display_name="it-snapshot custom",service="custom",service_mode="replicated",stack="it-snapshot",state="completed",team="platform"} 1
swarm_service_update_state_info{display_name="it-snapshot custom",service="custom",service_mode="replicated",stack="it-snapshot",state="paused",team="platform"} 0
swarm_service_update_state_info{display_name="it-snapshot custom",service="custom",service_mode="replicated",stack="it-snapshot",state="rollback_completed",team="platform"} 0
swarm_service_update_state_info{display_name="it-snapshot custom",service="custom",service_mode="replicated",stack="it-snapshot",state="rollback_started",team="platform"} 0
swarm_service_update_state_info{display_name="it-snapshot custom",service="custom",service_mode="replicated",stack="it-snapshot",state="updating",team="platform"} 0
swarm_service_update_state_info{display_name="it-snapshot idle",service="idle",service_mode="replicated",stack="it-snapshot",state="completed",team=""} 1
swarm_service_update_state_info{display_name="it-snapshot idle",service="idle",service_mode="replicated",stack="it-snapshot",state="paused",team=""} 0
swarm_service_update_state_info{display_name="it-snapshot idle",service="idle",service_mode="replicated",stack="it-snapshot",state="rollback_completed",team=""} 0
swarm_service_update_state_info{display_name="it-snapshot idle",service="idle",service_mode="replicated",stack="it-snapshot",state="rollback_started",team=""} 0
swarm_service_update_state_info{display_name="it-snapshot idle",service="idle",service_mode="replicated",stack="it-snapshot",state="updating",team=""} 0
swarm_service_update_state_info{display_name="it-snapshot nowhere",service="nowhere",service_mode="global",stack="it-snapshot",state="completed",team=""} 1
swarm_service_update_state_info{display_name="it-snapshot nowhere",service="nowhere",service_mode="global",stack="it-snapshot",state="paused",team=""} 0
swarm_service_update_state_info{display_name="it-snapshot nowhere",service="nowhere",service_mode="global",stack="it-snapshot",state="rollback_completed",team=""} 0
swarm_service_update_state_info{display_name="it-snapshot nowhere",service="nowhere",service_mode="global",stack="it-snapshot",state="rollback_started",team=""} 0
swarm_service_update_state_info{display_name="it-snapshot nowhere",service="nowhere",service_mode="global",stack="it-snapshot",state="updating",team=""} 0
swarm_service_update_state_info{display_name="it-snapshot oneshot",service="oneshot",service_mode="replicated",stack="it-snapshot",state="completed",team=""} 1
swarm_service_update_state_info{display_name="it-snapshot oneshot",service="oneshot",service_mode="replicated",stack="it-snapshot",state="paused",team=""} 0
swarm_service_update_state_info{display_name="it-snapshot oneshot",service="oneshot",service_mode="replicated",stack="it-snapshot",state="rollback_completed",team=""} 0
swarm_service_update_state_info{display_name="it-snapshot oneshot",service="oneshot",service_mode="replicated",stack="it-snapshot",state="rollback_started",team=""} 0
swarm_service_update_state_info{display_name="it-snapshot oneshot",service="oneshot",service_mode="replicated",stack="it-snapshot",state="updating",team=""} 0
swarm_service_update_state_info{display_name="it-snapshot web",service="web",service_mode="replicated",stack="it-snapshot",state="completed",team=""} 1
swarm_service_update_state_info{display_name="it-snapshot web",service="web",service_mode="replicated",stack="it-snapshot",state="paused",team=""} 0
swarm_service_update_state_info{display_name="it-snapshot web",service="web",service_mode="replicated",stack="it-snapshot",state="rollback_completed",team=""} 0
swarm_service_update_state_info{display_name="it-snapshot web",service="web",service_mode="replicated",stack="it-snapshot",state="rollback_started",team=""} 0
swarm_service_update_state_info{display_name="it-snapshot web",service="web",service_mode="replicated",stack="it-snapshot",state="updating",team=""} 0
swarm_task_replicas_state{display_name="it-snapshot agent",service="agent",service_mode="global",stack="it-snapshot",state="accepted",team=""} 0
swarm_task_replicas_state{display_name="it-snapshot agent",service="agent",service_mode="global",stack="it-snapshot",state="allocated",team=""} 0
swarm_task_replicas_state{display_name="it-snapshot agent",service="agent",service_mode="global",stack="it-snapshot",state="assigned",team=""} 0
swarm_task_replicas_state{display_name="it-snapshot agent",service="agent",service_mode="global",stack="it-snapshot",state="complete",team=""} 0
swarm_task_replicas_state{display_name="it-snapshot agent",service="agent",service_mode="global",stack="it-snapshot",state="failed",team=""} 0
swarm_task_replicas_state{display_name="it-snapshot agent",service="agent",service_mode="global",stack="it-snapshot",state="new",team=""} 0
swarm_task_replicas_state{display_name="it-snapshot agent",service="agent",service_mode="global",stack="it-snapshot",state="orphaned",team=""} 0
swarm_task_replicas_state{display_name="it-snapshot agent",service="agent",service_mode="global",stack="it-snapshot",state="pending",team=""} 0
swarm_task_replicas_state{display_name="it-snapshot agent",service="agent",service_mode="global",stack="it-snapshot",state="preparing",team=""} 0
swarm_task_replicas_state{display_name="it-snapshot agent",service="agent",service_mode="global",stack="it-snapshot",state="ready",team=""} 0
swarm_task_replicas_state{display_name="it-snapshot agent",service="agent",service_mode="global",stack="it-snapshot",state="rejected",team=""} 0
swarm_task_replicas_state{display_name="it-snapshot agent",service="agent",service_mode="global",stack="it-snapshot",state="remove",team=""} 0
swarm_task_replicas_state{display_name="it-snapshot agent",service="agent",service_mode="global",stack="it-snapshot",state="running",team=""} 3
swarm_task_replicas_state{display_name="it-snapshot agent",service="agent",service_mode="global",stack="it-snapshot",state="shutdown",team=""} 0
swarm_task_replicas_state{display_name="it-snapshot agent",service="agent",service_mode="global",stack="it-snapshot",state="starting",team=""} 0
swarm_task_replicas_state{display_name="it-snapshot custom",service="custom",service_mode="replicated",stack="it-snapshot",state="accepted",team="platform"} 0
swarm_task_replicas_state{display_name="it-snapshot custom",service="custom",service_mode="replicated",stack="it-snapshot",state="allocated",team="platform"} 0
swarm_task_replicas_state{display_name="it-snapshot custom",service="custom",service_mode="replicated",stack="it-snapshot",state="assigned",team="platform"} 0
swarm_task_replicas_state{display_name="it-snapshot custom",service="custom",service_mode="replicated",stack="it-snapshot",state="complete",team="platform"} 0
swarm_task_replicas_state{display_name="it-snapshot custom",service="custom",service_mode="replicated",stack="it-snapshot",state="failed",team="platform"} 0
swarm_task_replicas_state{display_name="it-snapshot custom",service="custom",service_mode="replicated",stack="it-snapshot",state="new",team="platform"} 0
swarm_task_replicas_state{display_name="it-snapshot custom",service="custom",service_mode="replicated",stack="it-snapshot",state="orphaned",team="platform"} 0
swarm_task_replicas_state{display_name="it-snapshot custom",service="custom",service_mode="replicated",stack="it-snapshot",state="pending",team="platform"} 0
swarm_task_replicas_state{display_name="it-snapshot custom",service="custom",service_mode="replicated",stack="it-snapshot",state="preparing",team="platform"} 0
swarm_task_replicas_state{display_name="it-snapshot custom",service="custom",service_mode="replicated",stack="it-snapshot",state="ready",team="platform"} 0
swarm_task_replicas_state{display_name="it-snapshot custom",service="custom",service_mode="replicated",stack="it-snapshot",state="rejected",team="platform"} 0
swarm_task_replicas_state{display_name="it-snapshot custom",service="custom",service_mode="replicated",stack="it-snapshot",state="remove",team="platform"} 0
swarm_task_replicas_state{display_name="it-snapshot custom",service="custom",service_mode="replicated",stack="it-snapshot",state="running",team="platform"} 1
swarm_task_replicas_state{display_name="it-snapshot custom",service="custom",service_mode="replicated",stack="it-snapshot",state="shutdown",team="platform"} 0
swarm_task_replicas_state{display_name="it-snapshot custom",service="custom",service_mode="replicated",stack="it-snapshot",state="starting",team="platform"} 0
swarm_task_replicas_state{display_name="it-snapshot idle",service="idle",service_mode="replicated",stack="it-snapshot",state="accepted",team=""} 0
swarm_task_replicas_state{display_name="it-snapshot idle",service="idle",service_mode="replicated",stack="it-snapshot",state="allocated",team=""} 0
swarm_task_replicas_state{display_name="it-snapshot idle",service="idle",service_mode="replicated",stack="it-snapshot",state="assigned",team=""} 0
swarm_task_replicas_state{display_name="it-snapshot idle",service="idle",service_mode="replicated",stack="it-snapshot",state="complete",team=""} 0
swarm_task_replicas_state{display_name="it-snapshot idle",service="idle",service_mode="replicated",stack="it-snapshot",state="failed",team=""} 0
swarm_task_replicas_state{display_name="it-snapshot idle",service="idle",service_mode="replicated",stack="it-snapshot",state="new",team=""} 0
swarm_task_replicas_state{display_name="it-snapshot idle",service="idle",service_mode="replicated",stack="it-snapshot",state="orphaned",team=""} 0
swarm_task_replicas_state{display_name="it-snapshot idle",service="idle",service_mode="replicated",stack="it-snapshot",state="pending",team=""} 0
swarm_task_replicas_state{display_name="it-snapshot idle",service="idle",service_mode="replicated",stack="it-snapshot",state="preparing",team=""} 0
swarm_task_replicas_state{display_name="it-snapshot idle",service="idle",service_mode="replicated",stack="it-snapshot",state="ready",team=""} 0
swarm_task_replicas_state{display_name="it-snapshot idle",service="idle",service_mode="replicated",stack="it-snapshot",state="rejected",team=""} 0
swarm_task_replicas_state{display_name="it-snapshot idle",service="idle",service_mode="replicated",stack="it-snapshot",state="remove",team=""} 0
swarm_task_replicas_state{display_name="it-snapshot idle",service="idle",service_mode="replicated",stack="it-snapshot",state="running",team=""} 0
swarm_task_replicas_state{display_name="it-snapshot idle",service="idle",service_mode="replicated",stack="it-snapshot",state="shutdown",team=""} 0
swarm_task_replicas_state{display_name="it-snapshot idle",service="idle",service_mode="replicated",stack="it-snapshot",state="starting",team=""} 0
swarm_task_replicas_state{display_name="it-snapshot nowhere",service="nowhere",service_mode="global",stack="it-snapshot",state="accepted",team=""} 0
swarm_task_replicas_state{display_name="it-snapshot nowhere",service="nowhere",service_mode="global",stack="it-snapshot",state="allocated",team=""} 0
swarm_task_replicas_state{display_name="it-snapshot nowhere",service="nowhere",service_mode="global",stack="it-snapshot",state="assigned",team=""} 0
swarm_task_replicas_state{display_name="it-snapshot nowhere",service="nowhere",service_mode="global",stack="it-snapshot",state="complete",team=""} 0
swarm_task_replicas_state{display_name="it-snapshot nowhere",service="nowhere",service_mode="global",stack="it-snapshot",state="failed",team=""} 0
swarm_task_replicas_state{display_name="it-snapshot nowhere",service="nowhere",service_mode="global",stack="it-snapshot",state="new",team=""} 0
swarm_task_replicas_state{display_name="it-snapshot nowhere",service="nowhere",service_mode="global",stack="it-snapshot",state="orphaned",team=""} 0
swarm_task_replicas_state{display_name="it-snapshot nowhere",service="nowhere",service_mode="global",stack="it-snapshot",state="pending",team=""} 0
swarm_task_replicas_state{display_name="it-snapshot nowhere",service="nowhere",service_mode="global",stack="it-snapshot",state="preparing",team=""} 0
swarm_task_replicas_state{display_name="it-snapshot nowhere",service="nowhere",service_mode="global",stack="it-snapshot",state="ready",team=""} 0
swarm_task_replicas_state{display_name="it-snapshot nowhere",service="nowhere",service_mode="global",stack="it-snapshot",state="rejected",team=""} 0
swarm_task_replicas_state{display_name="it-snapshot nowhere",service="nowhere",service_mode="global",stack="it-snapshot",state="remove",team=""} 0
swarm_task_replicas_state{display_name="it-snapshot nowhere",service="nowhere",service_mode="global",stack="it-snapshot",state="running",team=""} 0
swarm_task_replicas_state{display_name="it-snapshot nowhere",service="nowhere",service_mode="global",stack="it-snapshot",state="shutdown",team=""} 0
swarm_task_replicas_state{display_name="it-snapshot nowhere",service="nowhere",service_mode="global",stack="it-snapshot",state="starting",team=""} 0
swarm_task_replicas_state{display_name="it-snapshot oneshot",service="oneshot",service_mode="replicated",stack="it-snapshot",state="accepted",team=""} 0
swarm_task_replicas_state{display_name="it-snapshot oneshot",service="oneshot",service_mode="replicated",stack="it-snapshot",state="allocated",team=""} 0
swarm_task_replicas_state{display_name="it-snapshot oneshot",service="oneshot",service_mode="replicated",stack="it-snapshot",state="assigned",team=""} 0
swarm_task_replicas_state{display_name="it-snapshot oneshot",service="oneshot",service_mode="replicated",stack="it-snapshot",state="complete",team=""} 1
swarm_task_replicas_state{display_name="it-snapshot oneshot",service="oneshot",service_mode="replicated",stack="it-snapshot",state="failed",team=""} 0
swarm_task_replicas_state{display_name="it-snapshot oneshot",service="oneshot",service_mode="replicated",stack="it-snapshot",state="new",team=""} 0
swarm_task_replicas_state{display_name="it-snapshot oneshot",service="oneshot",service_mode="replicated",stack="it-snapshot",state="orphaned",team=""} 0
swarm_task_replicas_state{display_name="it-snapshot oneshot",service="oneshot",service_mode="replicated",stack="it-snapshot",state="pending",team=""} 0
swarm_task_replicas_state{display_name="it-snapshot oneshot",service="oneshot",service_mode="replicated",stack="it-snapshot",state="preparing",team=""} 0
swarm_task_replicas_state{display_name="it-snapshot oneshot",service="oneshot",service_mode="replicated",stack="it-snapshot",state="ready",team=""} 0
swarm_task_replicas_state{display_name="it-snapshot oneshot",service="oneshot",service_mode="replicated",stack="it-snapshot",state="rejected",team=""} 0
swarm_task_replicas_state{display_name="it-snapshot oneshot",service="oneshot",service_mode="replicated",stack="it-snapshot",state="remove",team=""} 0
swarm_task_replicas_state{display_name="it-snapshot oneshot",service="oneshot",service_mode="replicated",stack="it-snapshot",state="running",team=""} 0
swarm_task_replicas_state{display_name="it-snapshot oneshot",service="oneshot",service_mode="replicated",stack="it-snapshot",state="shutdown",team=""} 0
swarm_task_replicas_state{display_name="it-snapshot oneshot",service="oneshot",service_mode="replicated",stack="it-snapshot",state="starting",team=""} 0
swarm_task_replicas_state{display_name="it-snapshot web",service="web",service_mode="replicated",stack="it-snapshot",state="accepted",team=""} 0
swarm_task_replicas_state{display_name="it-snapshot web",service="web",service_mode="replicated",stack="it-snapshot",state="allocated",team=""} 0
swarm_task_replicas_state{display_name="it-snapshot web",service="web",service_mode="replicated",stack="it-snapshot",state="assigned",team=""} 0
swarm_task_replicas_state{display_name="it-snapshot web",service="web",service_mode="replicated",stack="it-snapshot",state="complete",team=""} 0
swarm_task_replicas_state{display_name="it-snapshot web",service="web",service_mode="replicated",stack="it-snapshot",state="failed",team=""} 0
swarm_task_replicas_state{display_name="it-snapshot web",service="web",service_mode="replicated",stack="it-snapshot",state="new",team=""} 0
swarm_task_replicas_state{display_name="it-snapshot web",service="web",service_mode="replicated",stack="it-snapshot",state="orphaned",team=""} 0
swarm_task_replicas_state{display_name="it-snapshot web",service="web",service_mode="replicated",stack="it-snapshot",state="pending",team=""} 0
swarm_task_replicas_state{display_name="it-snapshot web",service="web",service_mode="replicated",stack="it-snapshot",state="preparing",team=""} 0
swarm_task_replicas_state{display_name="it-snapshot web",service="web",service_mode="replicated",stack="it-snapshot",state="ready",team=""} 0
swarm_task_replicas_state{display_name="it-snapshot web",service="web",service_mode="replicated",stack="it-snapshot",state="rejected",team=""} 0
swarm_task_replicas_state{display_name="it-snapshot web",service="web",service_mode="replicated",stack="it-snapshot",state="remove",team=""} 0
swarm_task_replicas_state{display_name="it-snapshot web",service="web",service_mode="replicated",stack="it-snapshot",state="running",team=""} 2
swarm_task_replicas_state{display_name="it-snapshot web",service="web",service_mode="replicated",stack="it-snapshot",state="shutdown",team=""} 0
swarm_task_replicas_state{display_name="it-snapshot web",service="web",service_mode="replicated",stack="it-snapshot",state="starting",team=""} 0
